<?xml version="1.0" encoding="UTF-8" ?>
<testsuites>
 <testsuite name="Test Suite: Calculator" timestamp="2015-03-04T23:43:30" hostname="localhost" time="0.006" errors="0" tests="4" skipped="0" disabled="0" failures="1">
  <testcase classname="Test Suite: Calculator" name="should add numbers" time="0.002">
  </testcase>
  <testcase classname="Test Suite: Calculator" name="should subtract numbers" time="0">
  </testcase>
  <testcase classname="Test Suite: Calculator" name="should divide numbers" time="0.002">
   <failure type="toEqual" message="Expected 5 to equal 0."><![CDATA[Error: Expected 5 to equal 0.
    at stack (/Users/oy/developer/javascript/grunt-jasmine-nodejs/node_modules/jasmine/node_modules/jasmine-core/lib/jasmine-core/jasmine.js:1455:17)
    at buildExpectationResult (/Users/oy/developer/javascript/grunt-jasmine-nodejs/node_modules/jasmine/node_modules/jasmine-core/lib/jasmine-core/jasmine.js:1425:14)
    at Spec.Env.expectationResultFactory (/Users/oy/developer/javascript/grunt-jasmine-nodejs/node_modules/jasmine/node_modules/jasmine-core/lib/jasmine-core/jasmine.js:572:18)
    at Spec.addExpectationResult (/Users/oy/developer/javascript/grunt-jasmine-nodejs/node_modules/jasmine/node_modules/jasmine-core/lib/jasmine-core/jasmine.js:321:34)
    at Expectation.addExpectationResult (/Users/oy/developer/javascript/grunt-jasmine-nodejs/node_modules/jasmine/node_modules/jasmine-core/lib/jasmine-core/jasmine.js:516:21)
    at Expectation.toEqual (/Users/oy/developer/javascript/grunt-jasmine-nodejs/node_modules/jasmine/node_modules/jasmine-core/lib/jasmine-core/jasmine.js:1379:12)
    at Object.<anonymous> (/Users/oy/developer/javascript/grunt-jasmine-nodejs/test/test.spec.js:37:28)
    at attemptSync (/Users/oy/developer/javascript/grunt-jasmine-nodejs/node_modules/jasmine/node_modules/jasmine-core/lib/jasmine-core/jasmine.js:1741:24)
    at QueueRunner.run (/Users/oy/developer/javascript/grunt-jasmine-nodejs/node_modules/jasmine/node_modules/jasmine-core/lib/jasmine-core/jasmine.js:1729:9)
    at QueueRunner.execute (/Users/oy/developer/javascript/grunt-jasmine-nodejs/node_modules/jasmine/node_modules/jasmine-core/lib/jasmine-core/jasmine.js:1714:10)]]>
   </failure>
  </testcase>
  <testcase classname="Test Suite: Calculator" name="should multiply numbers" time="0">
  </testcase>
 </testsuite>
</testsuites>